
    <!-- Start Piwik Code -->
    <script type='text/javascript'>
        var _paq = _paq || [];
        _paq.push(['setDocumentTitle', 'Miscellaneous/Test course 1/Edit']);_paq.push(["setCustomVariable", 1, "UserName", "Guest user  ", "page"]);
_paq.push(["setCustomVariable", 2, "UserRole", "Guest", "page"]);
_paq.push(["setCustomVariable", 3, "Context", "Course: Test course 1", "page"]);
_paq.push(["setCustomVariable", 4, "CourseName", "Test course 1", "page"]);

        _paq.push(['trackPageView']);
        _paq.push(['enableLinkTracking']);
        (function() {
          var u='//http://somewhere/';
          _paq.push(['setTrackerUrl', u+'piwik.php']);
          _paq.push(['setSiteId', 2468]); var d=document, g=d.createElement('script'), s=d.getElementsByTagName('script')[0];
        g.type='text/javascript'; g.async=true; g.defer=true; g.src=u+'piwik.js'; s.parentNode.insertBefore(g,s);
        })();
    </script><noscript><p><img src="//http://somewhere/piwik.php?idsite=2468" style="border:0;" alt="" /></p></noscript><!-- End Piwik Code -->
